	mcintosh_e
S100.8123_S2	0.20255280446864002
S101.8118_S3	0.17128373575363393
S102.8145_S4	0.4589294069442179
S103.8150_S5	0.1572476956553669
S104.8162_S6	0.20214225111997694
S105.8151_S7	0.2815361073465823
S106.8079_S8	0.3812404045264527
S107.8192_S9	0.3879511549541419
S108.8103_S10	0.28484478518098777
S109.8446_S11	0.15796089661130044
S110.8096_S12	0.30295070277428315
S111.8449_S13	0.21224587884369536
S112.8459_S14	0.18918369014583683
S113.8451_S15	0.26833339673670853
S114.8452_S16	0.39980428685565006
S115.8234_S17	0.24046971023381045
S116.8209_S18	0.3109826281432131
S117.8026_S19	0.20195581090419523
S118.8490_S20	0.2827472714886874
S119.8130_S21	0.26466778186860046
S120.8477_S22	0.15547586718589315
S121.8264_S23	0.21251133557971436
S122.8134_S24	0.12455306444871002
S123.8176_S25	0.25114254963699534
S124.8224_S26	0.22402372231673134
S125.8210_S27	0.2545533216653237
S126.8135_S28	0.15390522109567698
S127.8112_S29	0.27103715585598287
S128.8202_S30	0.19597210915914437
S129.8204_S31	0.34994736300285073
S130.8507_S32	0.18961502465320593
S131.8274_S33	0.23596591367736033
S132.8297_S34	0.19626227464641555
S133.8222_S35	0.31604701220193965
S134.8546_S36	0.2933318105295667
S135.8381_S37	0.2508937756969623
S136.8391_S38	0.21646356747044931
S137.8574_S39	0.1348724611244508
S138.8047_S40	0.3348748057253854
S139.8583_S41	0.14467315015164336
S140.8013_S42	0.20942071318536348
S141.8080_S43	0.19207930007104962
S142.8621_S44	0.20596639381827858
S143.8071_S45	0.1555158733335614
S144.8417_S46	0.2759714987381468
S145.8371_S47	0.22148725602867314
S146.8430_S48	0.16700801420819297
S147.8369_S49	0.2197408811568543
S148.8242_S50	0.3343924252986773
S149.8312_S51	0.22774973524629583
